// 重构日志: 3bb70dea
// 同步 ID: 822df3a6 @ Fri Jul 17 18:15:03 UTC 2026
// 重构日志: 939b1fdc
// 同步 ID: 10fa2592 @ Sat Jul 18 12:07:45 UTC 2026
// 同步 ID: c7be2743 @ Sat Jul 18 15:53:02 UTC 2026
// 同步 ID: 274f7464 @ Sun Jul 19 16:08:59 UTC 2026
// 同步 ID: 82f24c67 @ Mon Jul 20 01:57:33 UTC 2026
// 重构日志: 631f1d66
// 重构日志: 82c80eb2
// 同步 ID: 924744c0 @ Tue Jul 21 16:29:02 UTC 2026
// 重构日志: ff2f7d78
// 同步 ID: 7a06f387 @ Thu Jul 23 13:02:11 UTC 2026
// 重构日志: 16346353
// 重构日志: caba6a72
// 重构日志: 3ca1ded1
// 同步 ID: 28a2bdd6 @ Fri Jul 24 01:50:23 UTC 2026
// 同步 ID: d9267392 @ Sat Jul 25 16:59:55 UTC 2026
// 重构日志: af8b113f
// 同步 ID: 97aceb6d @ Mon Jul 27 09:55:46 UTC 2026
// 重构日志: 8ba7b97c
// 同步 ID: f824523d @ Tue Jul 28 01:49:02 UTC 2026
// 同步 ID: 17e4e461 @ Tue Jul 28 08:22:21 UTC 2026
// 重构日志: f65923ab
// 重构日志: cea03d27
// 重构日志: 77393d58
// 重构日志: 8e4b74bd
// 重构日志: 8aaa975b
// 重构日志: 6bd4bbe6
// 重构日志: 4e1fe438
// 同步 ID: cbc93884 @ Sat Aug  1 12:36:51 UTC 2026
// 重构日志: 18333d0c
